# XENOCIDE Map (auto-saved)
tilesize 100
bgcolor 0.2 0.12 0.12

tile W 1 0.5 0.45 0.45 floor_green.png
tile H 1 0.55 0.4 0.4 panel.png
tile G 1 0.4 0.35 0.35 smth.png
tile . 0 0.32 0.22 0.22
tile R 0 0.4 0.3 0.3
tile E 0 0.5 0.3 0.7
tile S 0 0.6 0.4 0.3
tile P 0 0.32 0.22 0.22
tile A 0 0.32 0.22 0.22
tile B 0 0.9 0.9 0.9
tile D 0 0.32 0.22 0.22
tile L 0 0.32 0.22 0.22
tile T 0 0.32 0.22 0.22
tile F 0 0.32 0.22 0.22
tile V 0 0.32 0.22 0.22
tile C 0 0.32 0.22 0.22
tile K 0 0.32 0.22 0.22
tile N 0 0.32 0.22 0.22
tile h 0 0.32 0.22 0.22

grid
WWWWWWWWWWWWWWWWWWWWWWWWWWWWWWWWWWWWWWWWW
WE..L.............L................S.W   
W...........HHHHHH..A......C.........WW  
W...C.......H....H...................WW  
W..GGGGG....H.B..P.......WWWWWWWW...WW   
W..G.A.G....H....P.......W......W...WW   
W..G.LA.....HHHHHP.......W..A.N.W...WW   
W..G.T.G...K..............W..D..W...WW   
W..GGGGG.......A..........W.....W...WW   
W..A.....A................WWW.WWW...WWWW 
W..T..F......WWWWWW....................WW
W............W..N.W.........A........WW  
WL...A.......W..D.P..L.....V........WW   
W............W....W.A................WW  
W............WWWWWW..................WW  
W.....C..........A......GGGGGG......WW   
W..D.......V...A...T....G....G......WW   
W..h........................G..A.G..WW   
W......WWWWWWWWWW...........GGGGGG..WW   
W......W........W........T..........WW   
W..A...W..K..F..W.......h...........WW   
W......W........W....................WW  
W......W....D...W......V.......L.....WW  
W.h....WWWWWWWWWW..........A.........WW  
W..D...........A............K........WW  
W......A.......V..........D..........WW  
W..T..............D..........K.......WW  
W......................................WW
WS.................P...............EWWW  
WWWWWWWWWWWWWWWWWWWWWWWWWWWWWWWWWWWWWWWWW
